// Jest Snapshot v1, https://goo.gl/fbAQLP

exports[`Text input Matches text input snapshot on initial render 1`] = `ShallowWrapper {}`;
